                                      1 ;--------------------------------------------------------
                                      2 ; File Created by SDCC : free open source ANSI-C Compiler
                                      3 ; Version 4.2.0 #13081 (MINGW64)
                                      4 ;--------------------------------------------------------
                                      5 	.module loader
                                      6 	.optsdcc -mz80
                                      7 	
                                      8 ;--------------------------------------------------------
                                      9 ; Public variables in this module
                                     10 ;--------------------------------------------------------
                                     11 	.globl _main
                                     12 	.globl _rle_decompress
                                     13 ;--------------------------------------------------------
                                     14 ; special function registers
                                     15 ;--------------------------------------------------------
                                     16 ;--------------------------------------------------------
                                     17 ; ram data
                                     18 ;--------------------------------------------------------
                                     19 	.area _DATA
                                     20 ;--------------------------------------------------------
                                     21 ; ram data
                                     22 ;--------------------------------------------------------
                                     23 	.area _INITIALIZED
                                     24 ;--------------------------------------------------------
                                     25 ; absolute external ram data
                                     26 ;--------------------------------------------------------
                                     27 	.area _DABS (ABS)
                                     28 ;--------------------------------------------------------
                                     29 ; global & static initialisations
                                     30 ;--------------------------------------------------------
                                     31 	.area _HOME
                                     32 	.area _GSINIT
                                     33 	.area _GSFINAL
                                     34 	.area _GSINIT
                                     35 ;--------------------------------------------------------
                                     36 ; Home
                                     37 ;--------------------------------------------------------
                                     38 	.area _HOME
                                     39 	.area _HOME
                                     40 ;--------------------------------------------------------
                                     41 ; code
                                     42 ;--------------------------------------------------------
                                     43 	.area _CODE
                                     44 ;loader.c:14: void rle_decompress(uint8_t *src, uint8_t *dest, uint16_t size) {
                                     45 ;	---------------------------------
                                     46 ; Function rle_decompress
                                     47 ; ---------------------------------
    00000000                         48 _rle_decompress::
    00000000 DD E5            [15]   49 	push	ix
    00000002 DD 21 00 00      [14]   50 	ld	ix,#0
    00000006 DD 39            [15]   51 	add	ix,sp
    00000008 F5               [11]   52 	push	af
    00000009 F5               [11]   53 	push	af
    0000000A 3B               [ 6]   54 	dec	sp
    0000000B DD 75 FD         [19]   55 	ld	-3 (ix), l
    0000000E DD 74 FE         [19]   56 	ld	-2 (ix), h
                                     57 ;loader.c:15: uint16_t i = 0;
    00000011 01 00 00         [10]   58 	ld	bc, #0x0000
                                     59 ;loader.c:16: while (i < size) {
    00000014                         60 00107$:
    00000014 79               [ 4]   61 	ld	a, c
    00000015 DD 96 04         [19]   62 	sub	a, 4 (ix)
    00000018 78               [ 4]   63 	ld	a, b
    00000019 DD 9E 05         [19]   64 	sbc	a, 5 (ix)
    0000001C 30 57            [12]   65 	jr	NC, 00110$
                                     66 ;loader.c:17: uint8_t byte = src[i++];
    0000001E 79               [ 4]   67 	ld	a, c
    0000001F 60               [ 4]   68 	ld	h, b
                                     69 ;	spillPairReg hl
                                     70 ;	spillPairReg hl
    00000020 03               [ 6]   71 	inc	bc
    00000021 DD 86 FD         [19]   72 	add	a, -3 (ix)
    00000024 6F               [ 4]   73 	ld	l, a
                                     74 ;	spillPairReg hl
                                     75 ;	spillPairReg hl
    00000025 7C               [ 4]   76 	ld	a, h
    00000026 DD 8E FE         [19]   77 	adc	a, -2 (ix)
    00000029 67               [ 4]   78 	ld	h, a
    0000002A 7E               [ 7]   79 	ld	a, (hl)
                                     80 ;loader.c:18: if (byte == 0xC0) {
    0000002B DD 77 FF         [19]   81 	ld	-1 (ix), a
    0000002E D6 C0            [ 7]   82 	sub	a, #0xc0
    00000030 20 3B            [12]   83 	jr	NZ, 00105$
                                     84 ;loader.c:19: uint8_t val = src[i++];
    00000032 79               [ 4]   85 	ld	a, c
    00000033 60               [ 4]   86 	ld	h, b
                                     87 ;	spillPairReg hl
                                     88 ;	spillPairReg hl
    00000034 03               [ 6]   89 	inc	bc
    00000035 DD 86 FD         [19]   90 	add	a, -3 (ix)
    00000038 6F               [ 4]   91 	ld	l, a
                                     92 ;	spillPairReg hl
                                     93 ;	spillPairReg hl
    00000039 7C               [ 4]   94 	ld	a, h
    0000003A DD 8E FE         [19]   95 	adc	a, -2 (ix)
    0000003D 67               [ 4]   96 	ld	h, a
    0000003E 7E               [ 7]   97 	ld	a, (hl)
    0000003F DD 77 FB         [19]   98 	ld	-5 (ix), a
                                     99 ;loader.c:20: uint8_t count = src[i++];
    00000042 79               [ 4]  100 	ld	a, c
    00000043 60               [ 4]  101 	ld	h, b
                                    102 ;	spillPairReg hl
                                    103 ;	spillPairReg hl
    00000044 03               [ 6]  104 	inc	bc
    00000045 DD 86 FD         [19]  105 	add	a, -3 (ix)
    00000048 6F               [ 4]  106 	ld	l, a
                                    107 ;	spillPairReg hl
                                    108 ;	spillPairReg hl
    00000049 7C               [ 4]  109 	ld	a, h
    0000004A DD 8E FE         [19]  110 	adc	a, -2 (ix)
    0000004D 67               [ 4]  111 	ld	h, a
    0000004E 7E               [ 7]  112 	ld	a, (hl)
    0000004F DD 77 FF         [19]  113 	ld	-1 (ix), a
                                    114 ;loader.c:21: while (count--) {
    00000052 6B               [ 4]  115 	ld	l, e
                                    116 ;	spillPairReg hl
                                    117 ;	spillPairReg hl
    00000053 62               [ 4]  118 	ld	h, d
                                    119 ;	spillPairReg hl
                                    120 ;	spillPairReg hl
    00000054                        121 00101$:
    00000054 DD 7E FF         [19]  122 	ld	a, -1 (ix)
    00000057 DD 77 FC         [19]  123 	ld	-4 (ix), a
    0000005A DD 35 FF         [23]  124 	dec	-1 (ix)
    0000005D DD 7E FC         [19]  125 	ld	a, -4 (ix)
    00000060 B7               [ 4]  126 	or	a, a
    00000061 28 B1            [12]  127 	jr	Z, 00107$
                                    128 ;loader.c:22: *dest++ = val;
    00000063 DD 7E FB         [19]  129 	ld	a, -5 (ix)
    00000066 77               [ 7]  130 	ld	(hl), a
    00000067 23               [ 6]  131 	inc	hl
    00000068 5D               [ 4]  132 	ld	e, l
    00000069 54               [ 4]  133 	ld	d, h
    0000006A C3r54r00         [10]  134 	jp	00101$
    0000006D                        135 00105$:
                                    136 ;loader.c:25: *dest++ = byte;
    0000006D DD 7E FF         [19]  137 	ld	a, -1 (ix)
    00000070 12               [ 7]  138 	ld	(de), a
    00000071 13               [ 6]  139 	inc	de
    00000072 C3r14r00         [10]  140 	jp	00107$
    00000075                        141 00110$:
                                    142 ;loader.c:28: }
    00000075 DD F9            [10]  143 	ld	sp, ix
    00000077 DD E1            [14]  144 	pop	ix
    00000079 E1               [10]  145 	pop	hl
    0000007A F1               [10]  146 	pop	af
    0000007B E9               [ 4]  147 	jp	(hl)
                                    148 ;loader.c:30: void main(void) {
                                    149 ;	---------------------------------
                                    150 ; Function main
                                    151 ; ---------------------------------
    0000007C                        152 _main::
    0000007C DD E5            [15]  153 	push	ix
    0000007E DD 21 00 00      [14]  154 	ld	ix,#0
    00000082 DD 39            [15]  155 	add	ix,sp
    00000084 F5               [11]  156 	push	af
                                    157 ;loader.c:42: __endasm;
    00000085 F3               [ 4]  158 	di
    00000086 ED 56            [ 8]  159 	im	1
    00000088 31 00 D0         [10]  160 	ld	sp, #0xD000
                                    161 ;	Change border to RED (color 4) to indicate loader is running
    0000008B 3E 07            [ 7]  162 	ld	a, #7
    0000008D D3 99            [11]  163 	out	(#0x99), a
    0000008F 3E 04            [ 7]  164 	ld	a, #4
    00000091 D3 99            [11]  165 	out	(#0x99), a
                                    166 ;loader.c:46: uint8_t *ptr = (uint8_t *)0x8000;
    00000093 01 00 80         [10]  167 	ld	bc, #0x8000
                                    168 ;loader.c:47: uint8_t *data_start = 0;
    00000096 21 00 00         [10]  169 	ld	hl, #0x0000
    00000099 E3               [19]  170 	ex	(sp), hl
                                    171 ;loader.c:50: while (ptr < (uint8_t *)0xF000) {
    0000009A 11 00 80         [10]  172 	ld	de, #0x8000
    0000009D                        173 00106$:
    0000009D 7A               [ 4]  174 	ld	a, d
    0000009E D6 F0            [ 7]  175 	sub	a, #0xf0
    000000A0 30 34            [12]  176 	jr	NC, 00108$
                                    177 ;loader.c:51: if (ptr[0] == MAGIC_1 && ptr[1] == MAGIC_2 && 
    000000A2 1A               [ 7]  178 	ld	a, (de)
    000000A3 D5               [11]  179 	push	de
    000000A4 FD E1            [14]  180 	pop	iy
    000000A6 FD 23            [10]  181 	inc	iy
    000000A8 D6 DE            [ 7]  182 	sub	a, #0xde
    000000AA 20 21            [12]  183 	jr	NZ, 00102$
    000000AC FD 7E 00         [19]  184 	ld	a, 0 (iy)
    000000AF D6 AD            [ 7]  185 	sub	a, #0xad
    000000B1 20 1A            [12]  186 	jr	NZ, 00102$
                                    187 ;loader.c:52: ptr[2] == MAGIC_3 && ptr[3] == MAGIC_4) {
    000000B3 6B               [ 4]  188 	ld	l, e
                                    189 ;	spillPairReg hl
                                    190 ;	spillPairReg hl
    000000B4 62               [ 4]  191 	ld	h, d
                                    192 ;	spillPairReg hl
                                    193 ;	spillPairReg hl
    000000B5 23               [ 6]  194 	inc	hl
    000000B6 23               [ 6]  195 	inc	hl
    000000B7 7E               [ 7]  196 	ld	a, (hl)
    000000B8 D6 BE            [ 7]  197 	sub	a, #0xbe
    000000BA 20 11            [12]  198 	jr	NZ, 00102$
    000000BC 21 03 00         [10]  199 	ld	hl, #3
    000000BF 19               [11]  200 	add	hl, de
    000000C0 7E               [ 7]  201 	ld	a, (hl)
    000000C1 D6 EF            [ 7]  202 	sub	a, #0xef
    000000C3 20 08            [12]  203 	jr	NZ, 00102$
                                    204 ;loader.c:53: data_start = ptr + 4;
    000000C5 21 04 00         [10]  205 	ld	hl, #0x0004
    000000C8 09               [11]  206 	add	hl, bc
    000000C9 E3               [19]  207 	ex	(sp), hl
                                    208 ;loader.c:54: break;
    000000CA C3rD6r00         [10]  209 	jp	00108$
    000000CD                        210 00102$:
                                    211 ;loader.c:56: ptr++;
    000000CD FD E5            [15]  212 	push	iy
    000000CF D1               [10]  213 	pop	de
    000000D0 FD E5            [15]  214 	push	iy
    000000D2 C1               [10]  215 	pop	bc
    000000D3 C3r9Dr00         [10]  216 	jp	00106$
    000000D6                        217 00108$:
                                    218 ;loader.c:59: if (data_start) {
    000000D6 DD 7E FF         [19]  219 	ld	a, -1 (ix)
    000000D9 DD B6 FE         [19]  220 	or	a, -2 (ix)
    000000DC CA 00 40         [10]  221 	jp	Z,0x4000
                                    222 ;loader.c:61: rle_decompress(data_start, (uint8_t *)0x4000, 0x7D3A);
    000000DF 21 3A 7D         [10]  223 	ld	hl, #0x7d3a
    000000E2 E5               [11]  224 	push	hl
    000000E3 11 00 40         [10]  225 	ld	de, #0x4000
    000000E6 DD 6E FE         [19]  226 	ld	l, -2 (ix)
                                    227 ;	spillPairReg hl
                                    228 ;	spillPairReg hl
    000000E9 DD 66 FF         [19]  229 	ld	h, -1 (ix)
                                    230 ;	spillPairReg hl
                                    231 ;	spillPairReg hl
    000000EC CDr00r00         [17]  232 	call	_rle_decompress
                                    233 ;loader.c:67: __endasm;
    000000EF C3 00 40         [10]  234 	jp	0x4000
                                    235 ;loader.c:68: }
    000000F2 DD F9            [10]  236 	ld	sp, ix
    000000F4 DD E1            [14]  237 	pop	ix
    000000F6 C9               [10]  238 	ret
                                    239 	.area _CODE
                                    240 	.area _INITIALIZER
                                    241 	.area _CABS (ABS)
